// Jest Snapshot v1, https://goo.gl/fbAQLP

exports[`EditListingPricingForm matches snapshot 1`] = `
<form
  action="/"
  className=""
  method="post"
  onSubmit={[Function]}
>
  <button
    className=""
    data-test="Save price-button"
    disabled={true}
    type="submit"
  >
    Save price
  </button>
</form>
`;
